nested/nested.rb:5: TODO Class https://srb.help/3706
     5 |module Wrong
               ^^^^^

nested/nested.rb:6: TODO Class https://srb.help/3706
     6 |  class Inside; end
                ^^^^^^

nested/nested.rb:32: TODO Const https://srb.help/3706
    32 |  NOT_IN_PACKAGE = T.let(1, Integer)
          ^^^^^^^^^^^^^^

nested/nested.rb:48: TODO Class https://srb.help/3706
    48 |module Root::ModNotInPackage
               ^^^^^^^^^^^^^^^^^^^^^

nested/nested.rb:51: TODO Class https://srb.help/3706
    51 |class Root::ClassNotInPackage
              ^^^^^^^^^^^^^^^^^^^^^^^
Errors: 5
